[browser] headless chromium + --use-angle=swiftshader (CI 재현 — #759)

=== DoD 1+2+4+6 — 표면 셰이더 행성 (surface ON, 기본) ===
  earth    [rocky] contrastMean=1.97 contrastExtreme=20.83 dayMean=149.9 nightMean=76.1 hfEnt(day)=3.323 purple%=0 land/ocean=7533/5317 disk=27408/39204 (제외 11796) diskRpx=98.32 err=0
  mars     [desert] contrastMean=7.6 contrastExtreme=15.16 dayMean=189.3 nightMean=24.9 hfEnt(day)=2.118 purple%=0 land/ocean=12795/0 disk=27408/39204 (제외 11796) diskRpx=98.32 err=0
  jupiter  [gas-bands] contrastMean=4.65 contrastExtreme=10.32 dayMean=183.1 nightMean=39.4 hfEnt(day)=2.09 purple%=0 land/ocean=12854/0 disk=27408/39204 (제외 11796) diskRpx=98.32 err=0
  moon     [cratered] contrastMean=4.57 contrastExtreme=8.25 dayMean=172.2 nightMean=37.7 hfEnt(day)=2.201 purple%=0 land/ocean=70/0 disk=1700/2500 (제외 800) diskRpx=24.58 err=0

=== 단색 행성 (baseline — terminator/대비비 기준) ===
  venus    contrastMean=4.77 contrastExtreme=9.77 dayMean=202.7 nightMean=42.5 purple%=0 disk=27408/39204 (제외 11796) diskRpx=98.32 err=0
  mercury  contrastMean=6.66 contrastExtreme=18.44 dayMean=175.8 nightMean=26.4 purple%=0 disk=27408/39204 (제외 11796) diskRpx=98.32 err=0
  saturn   contrastMean=2.52 contrastExtreme=7.19 dayMean=118.4 nightMean=47 purple%=0 disk=27410/39204 (제외 11794) diskRpx=98.32 err=0
  neptune  contrastMean=6.07 contrastExtreme=19.8 dayMean=154.7 nightMean=25.5 purple%=0 disk=27410/39204 (제외 11794) diskRpx=98.32 err=0

=== DoD 5 — ?surface=off 대조 (낮면 hfEntropy ON>OFF) ===
  earth    [rocky] contrastMean=2.22 dayMean=60.7 nightMean=27.3 hfEnt(day)=0.813 purple%=0 disk=27408/39204 (제외 11796) diskRpx=98.32
  mars     [desert] contrastMean=4.75 dayMean=105 nightMean=22.1 hfEnt(day)=0.671 purple%=0 disk=27408/39204 (제외 11796) diskRpx=98.32
  jupiter  [gas-bands] contrastMean=2.94 dayMean=115.4 nightMean=39.2 hfEnt(day)=0.897 purple%=0 disk=27408/39204 (제외 11796) diskRpx=98.32
  moon     [cratered] contrastMean=2.66 dayMean=101.4 nightMean=38.1 hfEnt(day)=2.507 purple%=0 disk=1700/2500 (제외 800) diskRpx=24.58

=== JSON ===
{
  "surfaceOn": {
    "earth": {
      "type": "rocky",
      "diskArea": 27408,
      "windowPx": 39204,
      "excludedPx": 11796,
      "diskRpx": 98.32,
      "day": {
        "n": 13591,
        "mean": 149.9,
        "p90": 252,
        "p10": 12.5
      },
      "night": {
        "n": 13817,
        "mean": 76.1,
        "p90": 199.5,
        "p10": 12.1
      },
      "contrastMean": 1.97,
      "contrastExtreme": 20.83,
      "hfEnergy": 24.6042,
      "hfEntropy": 3.323,
      "purplePct": 0,
      "landCount": 7533,
      "oceanCount": 5317,
      "screenSunDir": {
        "x": 0.245,
        "y": 0.969
      },
      "screenBox": {
        "x": 541,
        "y": 261,
        "w": 198,
        "h": 198,
        "cx": 640,
        "cy": 360,
        "r": 98.32
      },
      "imgSize": {
        "w": 1280,
        "h": 720
      }
    },
    "mars": {
      "type": "desert",
      "diskArea": 27408,
      "windowPx": 39204,
      "excludedPx": 11796,
      "diskRpx": 98.32,
      "day": {
        "n": 13794,
        "mean": 189.3,
        "p90": 221.3,
        "p10": 86.2
      },
      "night": {
        "n": 13614,
        "mean": 24.9,
        "p90": 33.9,
        "p10": 14.6
      },
      "contrastMean": 7.6,
      "contrastExtreme": 15.16,
      "hfEnergy": 2.7366,
      "hfEntropy": 2.118,
      "purplePct": 0,
      "landCount": 12795,
      "oceanCount": 0,
      "screenSunDir": {
        "x": -1,
        "y": 0.024
      },
      "screenBox": {
        "x": 541,
        "y": 261,
        "w": 198,
        "h": 198,
        "cx": 640,
        "cy": 360,
        "r": 98.32
      },
      "imgSize": {
        "w": 1280,
        "h": 720
      }
    },
    "jupiter": {
      "type": "gas-bands",
      "diskArea": 27408,
      "windowPx": 39204,
      "excludedPx": 11796,
      "diskRpx": 98.32,
      "day": {
        "n": 13727,
        "mean": 183.1,
        "p90": 255,
        "p10": 29.9
      },
      "night": {
        "n": 13681,
        "mean": 39.4,
        "p90": 56.5,
        "p10": 24.7
      },
      "contrastMean": 4.65,
      "contrastExtreme": 10.32,
      "hfEnergy": 5.1268,
      "hfEntropy": 2.09,
      "purplePct": 0,
      "landCount": 12854,
      "oceanCount": 0,
      "screenSunDir": {
        "x": -0.818,
        "y": 0.575
      },
      "screenBox": {
        "x": 541,
        "y": 261,
        "w": 198,
        "h": 198,
        "cx": 640,
        "cy": 360,
        "r": 98.32
      },
      "imgSize": {
        "w": 1280,
        "h": 720
      }
    },
    "moon": {
      "type": "cratered",
      "diskArea": 1700,
      "windowPx": 2500,
      "excludedPx": 800,
      "diskRpx": 24.58,
      "day": {
        "n": 821,
        "mean": 172.2,
        "p90": 255,
        "p10": 27.3
      },
      "night": {
        "n": 879,
        "mean": 37.7,
        "p90": 45.2,
        "p10": 30.9
      },
      "contrastMean": 4.57,
      "contrastExtreme": 8.25,
      "hfEnergy": 51.818,
      "hfEntropy": 2.201,
      "purplePct": 0,
      "landCount": 70,
      "oceanCount": 0,
      "screenSunDir": {
        "x": 0.283,
        "y": 0.959
      },
      "screenBox": {
        "x": 615,
        "y": 335,
        "w": 50,
        "h": 50,
        "cx": 640,
        "cy": 360,
        "r": 24.58
      },
      "imgSize": {
        "w": 1280,
        "h": 720
      }
    }
  },
  "surfaceOff": {
    "earth": {
      "type": "rocky",
      "diskArea": 27408,
      "windowPx": 39204,
      "excludedPx": 11796,
      "diskRpx": 98.32,
      "day": {
        "n": 13591,
        "mean": 60.7,
        "p90": 139.9,
        "p10": 19.7
      },
      "night": {
        "n": 13817,
        "mean": 27.3,
        "p90": 31.7,
        "p10": 22.6
      },
      "contrastMean": 2.22,
      "contrastExtreme": 6.19,
      "hfEnergy": 0.7918,
      "hfEntropy": 0.813,
      "purplePct": 0,
      "landCount": 0,
      "oceanCount": 6638,
      "screenSunDir": {
        "x": 0.25,
        "y": 0.968
      },
      "screenBox": {
        "x": 541,
        "y": 261,
        "w": 198,
        "h": 198,
        "cx": 640,
        "cy": 360,
        "r": 98.32
      },
      "imgSize": {
        "w": 1280,
        "h": 720
      }
    },
    "mars": {
      "type": "desert",
      "diskArea": 27408,
      "windowPx": 39204,
      "excludedPx": 11796,
      "diskRpx": 98.32,
      "day": {
        "n": 13795,
        "mean": 105,
        "p90": 179.7,
        "p10": 31.3
      },
      "night": {
        "n": 13613,
        "mean": 22.1,
        "p90": 30.2,
        "p10": 14
      },
      "contrastMean": 4.75,
      "contrastExtreme": 12.84,
      "hfEnergy": 0.6674,
      "hfEntropy": 0.671,
      "purplePct": 0,
      "landCount": 11640,
      "oceanCount": 0,
      "screenSunDir": {
        "x": -1,
        "y": 0.018
      },
      "screenBox": {
        "x": 541,
        "y": 261,
        "w": 198,
        "h": 198,
        "cx": 640,
        "cy": 360,
        "r": 98.32
      },
      "imgSize": {
        "w": 1280,
        "h": 720
      }
    },
    "jupiter": {
      "type": "gas-bands",
      "diskArea": 27408,
      "windowPx": 39204,
      "excludedPx": 11796,
      "diskRpx": 98.32,
      "day": {
        "n": 13728,
        "mean": 115.4,
        "p90": 241.3,
        "p10": 30.2
      },
      "night": {
        "n": 13680,
        "mean": 39.2,
        "p90": 49.4,
        "p10": 27.6
      },
      "contrastMean": 2.94,
      "contrastExtreme": 8.74,
      "hfEnergy": 0.9012,
      "hfEntropy": 0.897,
      "purplePct": 0,
      "landCount": 17711,
      "oceanCount": 0,
      "screenSunDir": {
        "x": -0.819,
        "y": 0.574
      },
      "screenBox": {
        "x": 541,
        "y": 261,
        "w": 198,
        "h": 198,
        "cx": 640,
        "cy": 360,
        "r": 98.32
      },
      "imgSize": {
        "w": 1280,
        "h": 720
      }
    },
    "moon": {
      "type": "cratered",
      "diskArea": 1700,
      "windowPx": 2500,
      "excludedPx": 800,
      "diskRpx": 24.58,
      "day": {
        "n": 822,
        "mean": 101.4,
        "p90": 229.3,
        "p10": 28
      },
      "night": {
        "n": 878,
        "mean": 38.1,
        "p90": 44.9,
        "p10": 31.3
      },
      "contrastMean": 2.66,
      "contrastExtreme": 7.33,
      "hfEnergy": 4.3884,
      "hfEntropy": 2.507,
      "purplePct": 0,
      "landCount": 458,
      "oceanCount": 0,
      "screenSunDir": {
        "x": 0.282,
        "y": 0.959
      },
      "screenBox": {
        "x": 615,
        "y": 335,
        "w": 50,
        "h": 50,
        "cx": 640,
        "cy": 360,
        "r": 24.58
      },
      "imgSize": {
        "w": 1280,
        "h": 720
      }
    }
  },
  "plain": {
    "venus": {
      "diskArea": 27408,
      "windowPx": 39204,
      "excludedPx": 11796,
      "diskRpx": 98.32,
      "day": {
        "n": 13623,
        "mean": 202.7,
        "p90": 254.1,
        "p10": 106.8
      },
      "night": {
        "n": 13785,
        "mean": 42.5,
        "p90": 57.9,
        "p10": 26
      },
      "contrastMean": 4.77,
      "contrastExtreme": 9.77,
      "hfEnergy": 0.7585,
      "hfEntropy": 0.779,
      "purplePct": 0,
      "landCount": 20212,
      "oceanCount": 0,
      "screenSunDir": {
        "x": 0.993,
        "y": -0.121
      },
      "screenBox": {
        "x": 541,
        "y": 261,
        "w": 198,
        "h": 198,
        "cx": 640,
        "cy": 360,
        "r": 98.32
      },
      "imgSize": {
        "w": 1280,
        "h": 720
      }
    },
    "mercury": {
      "diskArea": 27408,
      "windowPx": 39204,
      "excludedPx": 11796,
      "diskRpx": 98.32,
      "day": {
        "n": 13785,
        "mean": 175.8,
        "p90": 245.3,
        "p10": 96.8
      },
      "night": {
        "n": 13623,
        "mean": 26.4,
        "p90": 56.9,
        "p10": 13.3
      },
      "contrastMean": 6.66,
      "contrastExtreme": 18.44,
      "hfEnergy": 0.8549,
      "hfEntropy": 0.912,
      "purplePct": 0,
      "landCount": 16205,
      "oceanCount": 0,
      "screenSunDir": {
        "x": 0.118,
        "y": -0.993
      },
      "screenBox": {
        "x": 541,
        "y": 261,
        "w": 198,
        "h": 198,
        "cx": 640,
        "cy": 360,
        "r": 98.32
      },
      "imgSize": {
        "w": 1280,
        "h": 720
      }
    },
    "saturn": {
      "diskArea": 27410,
      "windowPx": 39204,
      "excludedPx": 11794,
      "diskRpx": 98.32,
      "day": {
        "n": 13708,
        "mean": 118.4,
        "p90": 245.9,
        "p10": 34.2
      },
      "night": {
        "n": 13702,
        "mean": 47,
        "p90": 57.4,
        "p10": 34.2
      },
      "contrastMean": 2.52,
      "contrastExtreme": 7.19,
      "hfEnergy": 0.9782,
      "hfEntropy": 0.929,
      "purplePct": 0,
      "landCount": 22005,
      "oceanCount": 0,
      "screenSunDir": {
        "x": -0.722,
        "y": 0.691
      },
      "screenBox": {
        "x": 541,
        "y": 261,
        "w": 198,
        "h": 198,
        "cx": 640,
        "cy": 360,
        "r": 98.32
      },
      "imgSize": {
        "w": 1280,
        "h": 720
      }
    },
    "neptune": {
      "diskArea": 27410,
      "windowPx": 39204,
      "excludedPx": 11794,
      "diskRpx": 98.32,
      "day": {
        "n": 13836,
        "mean": 154.7,
        "p90": 225.7,
        "p10": 88.3
      },
      "night": {
        "n": 13574,
        "mean": 25.5,
        "p90": 56.6,
        "p10": 11.4
      },
      "contrastMean": 6.07,
      "contrastExtreme": 19.8,
      "hfEnergy": 0.8163,
      "hfEntropy": 0.853,
      "purplePct": 0,
      "landCount": 0,
      "oceanCount": 16482,
      "screenSunDir": {
        "x": -0.578,
        "y": -0.816
      },
      "screenBox": {
        "x": 541,
        "y": 261,
        "w": 198,
        "h": 198,
        "cx": 640,
        "cy": 360,
        "r": 98.32
      },
      "imgSize": {
        "w": 1280,
        "h": 720
      }
    }
  },
  "consoleErrors": {
    "on-earth": 0,
    "on-mars": 0,
    "on-jupiter": 0,
    "on-moon": 0
  },
  "rotWarns": {
    "on-earth": 0,
    "on-mars": 0,
    "on-jupiter": 0,
    "on-moon": 0
  }
}

=== 판정 (#759 — day>night×2 + contrastMean 낙차 ≥10% + purple 0, hfEntropy 축 제외) ===
  ✗ earth: dayMean(149.9) ≤ nightMean(76.1) × 2 (광원 대비 붕괴)
  ✗ earth: contrastMean 상대 낙차 -12.69% < 10% (ON 1.97 / OFF 2.22) (밤면 회귀 — #773 원 증상)
=== FAIL ===
exit=1
