=== #1226 야간 도시 불빛 — 진단 (MODE=dod INJECT=none) ===
쌍 × 전제 적용표 (전제 1 · 4 · 6 은 전 쌍):
  main | D2 D3 D4 D5 | NI · DI · NI_land · NI_sea | P2 | P2 | — | 
  cloud | D6 | NI_land | P4 | P4 | NI_land P4≠P2 | 
  mid | D7(1) | NI | P2 (mid) | P2 (mid) | — | 
  low | D7(2) | NI | — (재조정 — 대역이 씬 배경) | — (billboard 에 uniform 없음) | — | 지구가 그려졌는지 보증 안 함
  d8Off | D8 | NI | P1b | — (두 페이지 모두 불빛 ON) | — | 
  d8On | D8 | NI | R1 | — (두 페이지 모두 불빛 ON) | — | 
  p2Restore | (주입 원복 확인) | — | — | — | — | full frame 0 px 아니면 측정 오류
  d9 a/b/c | D9 | — | feature 페이지 (b 는 surface off 라 적용) | a · c feature 페이지 | positive 쌍 변화 > 0 | MODE=d9
main (P1↔P2): {"phase":90,"NI":{"n":7225,"meanContrib":0.03464,"changed":958,"lumA":0.085382,"lumB":0.050742},"DI":{"n":7225,"meanContrib":0,"changed":0,"lumA":0.715749,"lumB":0.715749},"NI_land":{"n":4104,"meanContrib":0.039611,"changed":658,"lumA":0.090692,"lumB":0.051081,"unchangedRatio":0.839669,"saturatedPxA":0,"cloudChanged":2083,"overlap":361,"refMaxAbsLum":null,"refOver1LsbPx":null,"refMeanContrib":null},"NI_sea":{"n":3121,"meanContrib":0.028103,"changed":300,"lumA":0.078399,"lumB":0.050296},"disk":{"n":30768,"meanContrib":0.018678,"changed":2410,"lumA":0.411623,"lumB":0.392945},"fullChanged":2426,"outsideChanged":16}
cloud (P3↔P4): {"phase":90,"NI":{"n":7225,"meanContrib":0.025356,"changed":935,"lumA":0.097639,"lumB":0.072283},"DI":{"n":7225,"meanContrib":0,"changed":0,"lumA":0.76961,"lumB":0.76961},"NI_land":{"n":4104,"meanContrib":0.027858,"changed":643,"lumA":0.105018,"lumB":0.07716,"unchangedRatio":0.843324,"saturatedPxA":0,"cloudChanged":0,"overlap":0,"refMaxAbsLum":null,"refOver1LsbPx":null,"refMeanContrib":null},"NI_sea":{"n":3121,"meanContrib":0.022067,"changed":292,"lumA":0.087937,"lumB":0.065871},"disk":{"n":30768,"meanContrib":0.012258,"changed":2355,"lumA":0.440711,"lumB":0.428453},"fullChanged":2371,"outsideChanged":16}
mid: {"phase":90,"NI":{"n":7225,"meanContrib":0.034767,"changed":950,"lumA":0.085516,"lumB":0.050749},"DI":{"n":7225,"meanContrib":0,"changed":0,"lumA":0.715875,"lumB":0.715875},"NI_land":null,"NI_sea":null,"disk":{"n":30768,"meanContrib":0.018783,"changed":2408,"lumA":0.408877,"lumB":0.390094},"fullChanged":2408,"outsideChanged":0}
low: {"phase":90,"NI":{"n":7225,"meanContrib":0,"changed":0,"lumA":0.035593,"lumB":0.035593},"DI":{"n":7225,"meanContrib":0,"changed":0,"lumA":0.035593,"lumB":0.035593},"NI_land":null,"NI_sea":null,"disk":{"n":30768,"meanContrib":0,"changed":0,"lumA":0.035878,"lumB":0.035878},"fullChanged":0,"outsideChanged":0}
d8Off: {"phase":90,"NI":{"n":7225,"meanContrib":0,"changed":0,"lumA":0.085382,"lumB":0.085382},"DI":{"n":7225,"meanContrib":0,"changed":0,"lumA":0.715749,"lumB":0.715749},"NI_land":null,"NI_sea":null,"disk":{"n":30768,"meanContrib":0,"changed":0,"lumA":0.411623,"lumB":0.411623},"fullChanged":0,"outsideChanged":0}
d8On: {"phase":90,"NI":{"n":5740,"meanContrib":0,"changed":0,"lumA":0.092145,"lumB":0.092145},"DI":{"n":5740,"meanContrib":0,"changed":0,"lumA":0.83932,"lumB":0.83932},"NI_land":null,"NI_sea":null,"disk":{"n":24344,"meanContrib":0,"changed":0,"lumA":0.342753,"lumB":0.342753},"fullChanged":0,"outsideChanged":0}
p2Restore fullChanged 0 · gate G↔GA NI changed 605
strengths {"P1":[0.9],"P2":[0],"P3":[0.9],"P4":[0]} · mid P2 [0,0] · mid P1 uMaskEnabled 1 · WAIT_ADVANCE_MS 1000
[D6 · §A11.17.5 조건 1] R_baseline 0.7032894902931004 · 불빛∩구름 px 361 · NI_land P4≠P2 2083 · NI_land 채널 포화 px P1 0 · P3 0
settles ["P1/boot:7/6/19/0/ok","P1/mid:0/32/0/0/ok","P1/low:0/1/31/0/ok","P2/boot:7/6/19/0/ok","P2/mid:0/32/0/0/ok","P2/low:0/1/31/0/ok","P3/boot:7/6/19/0/ok","P4/boot:7/6/19/0/ok","P1b/boot:7/6/19/0/ok","R1/boot:6/7/19/0/ok","R2/boot:6/7/19/0/ok"]
consoleErrors {"P1":[],"P2":[],"P3":[],"P4":[],"P1b":[],"R1":[],"R2":[]}

=== 게이트 ===
  PASS  D2 NI 평균 기여 lum(P1) − lum(P2) = 0.034640  (>= 0.00729)
  PASS  D3 DI 변화 px (P1 ↔ P2) = 0.000000  (== 0 ∧ D2 PASS)
  PASS  D4 NI_land 변화 없는 비율 = 0.839669  (>= 0.28013)
  FAIL  D5 NI_sea 변화 px (P1 ↔ P2) = 300.000000  (== 0 ∧ D2 PASS)
  PASS  D6 R = NI_land (P3 − P4) / (P1 − P2) = 0.703289  (<= 1 − K_OCC = 0.899770 ∧ D2 PASS)
  PASS  D7(1) mid 정착 쌍 NI 기여 = 0.034767  (>= 0.00729)
  PASS  D7(2) low 정착 쌍 disk 변화 px = 0.000000  (== 0 ∧ D2 PASS)
  PASS  D8 rotate=off 독립 2회 로드 NI 변화 px = 0.000000  (== 0 ∧ D2 PASS)
  PASS  D8 rotate ON 독립 2회 로드 NI 변화 px = 0.000000  (== 0 ∧ D2 PASS)
  PASS  D11 콘솔 에러 (전 페이지) = 0  (!hasSimErrors)

[FAIL] 게이트 미충족
exit=1
