[browser] headless chromium + --use-angle=swiftshader (CI 재현 — #759)

=== DoD 1 — 4 body 표면 디테일 (surface ON, 기본) ===
  earth    [rocky] hfEnergy=8.366 hfEntropy=3.06 stddev=88.656 uniqColors=359 area=27408/39204 (제외 11796) box=198x198 err=0
  mars     [desert] hfEnergy=2.0029 hfEntropy=1.533 stddev=91.261 uniqColors=42 area=27408/39204 (제외 11796) box=198x198 err=0
  jupiter  [gas-bands] hfEnergy=3.7674 hfEntropy=1.898 stddev=100.345 uniqColors=52 area=27408/39204 (제외 11796) box=198x198 err=0
  moon     [cratered] hfEnergy=36.153 hfEntropy=2.711 stddev=99.749 uniqColors=34 area=1700/2500 (제외 800) box=50x50 err=0

=== DoD 5 — ?surface=off 단색 복귀 대조 ===
  earth    [rocky] hfEnergy=0.633 hfEntropy=0.602 stddev=38.286 uniqColors=46 area=27408/39204 (제외 11796) box=198x198 err=0
  mars     [desert] hfEnergy=0.5648 hfEntropy=0.5 stddev=56.881 uniqColors=40 area=27408/39204 (제외 11796) box=198x198 err=0
  jupiter  [gas-bands] hfEnergy=0.743 hfEntropy=0.692 stddev=67.071 uniqColors=50 area=27408/39204 (제외 11796) box=198x198 err=0
  moon     [cratered] hfEnergy=3.0892 hfEntropy=1.75 stddev=61.285 uniqColors=43 area=1700/2500 (제외 800) box=50x50 err=0

=== DoD 2 — 무회귀 (미등록 body 단색, surface ON) ===
  venus    hfEnergy=0.778 hfEntropy=0.763 stddev=90.288 uniqColors=50 area=27408/39204 (제외 11796) box=198x198 err=0
  saturn   hfEnergy=0.7975 hfEntropy=0.719 stddev=67.556 uniqColors=47 area=27408/39204 (제외 11796) box=198x198 err=0
  neptune  hfEnergy=0.7333 hfEntropy=0.745 stddev=74.51 uniqColors=44 area=27412/39204 (제외 11792) box=198x198 err=0

=== DoD 3 — LOD mid 전환 표면 연속성 (reviewer 권고 1: cross-fade 팝핑) ===
  earth high   : hfEnergy=8.421 hfEntropy=3.06 area=27408
  earth midFade: hfEnergy=6.4502 hfEntropy=2.939 area=27408
  earth midSet : hfEnergy=6.444 hfEntropy=2.942 area=27408

=== DoD 4 — tier-c (?gpu=c) 단색 ===
  earth tier-c : hfEnergy=138.5629 hfEntropy=1.246 area=113 lodStats={"high":0,"mid":0,"low":32,"override":"low","fading":0}

=== JSON ===
{
  "surfaceOn": {
    "earth": {
      "type": "rocky",
      "area": 27408,
      "windowPx": 39204,
      "excludedPx": 11796,
      "diskRpx": 98.32,
      "stddev": 88.656,
      "hfEnergy": 8.366,
      "hfEntropy": 3.06,
      "uniqueColors": 359,
      "meanLum": 82.2,
      "screenBox": {
        "x": 541,
        "y": 261,
        "w": 198,
        "h": 198,
        "cx": 640,
        "cy": 360,
        "r": 98.32
      },
      "imgSize": {
        "w": 1280,
        "h": 720
      }
    },
    "mars": {
      "type": "desert",
      "area": 27408,
      "windowPx": 39204,
      "excludedPx": 11796,
      "diskRpx": 98.32,
      "stddev": 91.261,
      "hfEnergy": 2.0029,
      "hfEntropy": 1.533,
      "uniqueColors": 42,
      "meanLum": 107.7,
      "screenBox": {
        "x": 541,
        "y": 261,
        "w": 198,
        "h": 198,
        "cx": 640,
        "cy": 360,
        "r": 98.32
      },
      "imgSize": {
        "w": 1280,
        "h": 720
      }
    },
    "jupiter": {
      "type": "gas-bands",
      "area": 27408,
      "windowPx": 39204,
      "excludedPx": 11796,
      "diskRpx": 98.32,
      "stddev": 100.345,
      "hfEnergy": 3.7674,
      "hfEntropy": 1.898,
      "uniqueColors": 52,
      "meanLum": 111.4,
      "screenBox": {
        "x": 541,
        "y": 261,
        "w": 198,
        "h": 198,
        "cx": 640,
        "cy": 360,
        "r": 98.32
      },
      "imgSize": {
        "w": 1280,
        "h": 720
      }
    },
    "moon": {
      "type": "cratered",
      "area": 1700,
      "windowPx": 2500,
      "excludedPx": 800,
      "diskRpx": 24.58,
      "stddev": 99.749,
      "hfEnergy": 36.153,
      "hfEntropy": 2.711,
      "uniqueColors": 34,
      "meanLum": 102.7,
      "screenBox": {
        "x": 615,
        "y": 335,
        "w": 50,
        "h": 50,
        "cx": 640,
        "cy": 360,
        "r": 24.58
      },
      "imgSize": {
        "w": 1280,
        "h": 720
      }
    }
  },
  "surfaceOff": {
    "earth": {
      "type": "rocky",
      "area": 27408,
      "windowPx": 39204,
      "excludedPx": 11796,
      "diskRpx": 98.32,
      "stddev": 38.286,
      "hfEnergy": 0.633,
      "hfEntropy": 0.602,
      "uniqueColors": 46,
      "meanLum": 43.8,
      "screenBox": {
        "x": 541,
        "y": 261,
        "w": 198,
        "h": 198,
        "cx": 640,
        "cy": 360,
        "r": 98.32
      },
      "imgSize": {
        "w": 1280,
        "h": 720
      }
    },
    "mars": {
      "type": "desert",
      "area": 27408,
      "windowPx": 39204,
      "excludedPx": 11796,
      "diskRpx": 98.32,
      "stddev": 56.881,
      "hfEnergy": 0.5648,
      "hfEntropy": 0.5,
      "uniqueColors": 40,
      "meanLum": 63.8,
      "screenBox": {
        "x": 541,
        "y": 261,
        "w": 198,
        "h": 198,
        "cx": 640,
        "cy": 360,
        "r": 98.32
      },
      "imgSize": {
        "w": 1280,
        "h": 720
      }
    },
    "jupiter": {
      "type": "gas-bands",
      "area": 27408,
      "windowPx": 39204,
      "excludedPx": 11796,
      "diskRpx": 98.32,
      "stddev": 67.071,
      "hfEnergy": 0.743,
      "hfEntropy": 0.692,
      "uniqueColors": 50,
      "meanLum": 77.3,
      "screenBox": {
        "x": 541,
        "y": 261,
        "w": 198,
        "h": 198,
        "cx": 640,
        "cy": 360,
        "r": 98.32
      },
      "imgSize": {
        "w": 1280,
        "h": 720
      }
    },
    "moon": {
      "type": "cratered",
      "area": 1700,
      "windowPx": 2500,
      "excludedPx": 800,
      "diskRpx": 24.58,
      "stddev": 61.285,
      "hfEnergy": 3.0892,
      "hfEntropy": 1.75,
      "uniqueColors": 43,
      "meanLum": 68.7,
      "screenBox": {
        "x": 615,
        "y": 335,
        "w": 50,
        "h": 50,
        "cx": 640,
        "cy": 360,
        "r": 24.58
      },
      "imgSize": {
        "w": 1280,
        "h": 720
      }
    }
  },
  "plain": {
    "venus": {
      "area": 27408,
      "windowPx": 39204,
      "excludedPx": 11796,
      "diskRpx": 98.32,
      "stddev": 90.288,
      "hfEnergy": 0.778,
      "hfEntropy": 0.763,
      "uniqueColors": 50,
      "meanLum": 121.9,
      "screenBox": {
        "x": 541,
        "y": 261,
        "w": 198,
        "h": 198,
        "cx": 640,
        "cy": 360,
        "r": 98.32
      },
      "imgSize": {
        "w": 1280,
        "h": 720
      }
    },
    "saturn": {
      "area": 27408,
      "windowPx": 39204,
      "excludedPx": 11796,
      "diskRpx": 98.32,
      "stddev": 67.556,
      "hfEnergy": 0.7975,
      "hfEntropy": 0.719,
      "uniqueColors": 47,
      "meanLum": 82.7,
      "screenBox": {
        "x": 541,
        "y": 261,
        "w": 198,
        "h": 198,
        "cx": 640,
        "cy": 360,
        "r": 98.32
      },
      "imgSize": {
        "w": 1280,
        "h": 720
      }
    },
    "neptune": {
      "area": 27412,
      "windowPx": 39204,
      "excludedPx": 11792,
      "diskRpx": 98.32,
      "stddev": 74.51,
      "hfEnergy": 0.7333,
      "hfEntropy": 0.745,
      "uniqueColors": 44,
      "meanLum": 90.7,
      "screenBox": {
        "x": 541,
        "y": 261,
        "w": 198,
        "h": 198,
        "cx": 640,
        "cy": 360,
        "r": 98.32
      },
      "imgSize": {
        "w": 1280,
        "h": 720
      }
    }
  },
  "lodMid": {
    "high": {
      "area": 27408,
      "windowPx": 39204,
      "excludedPx": 11796,
      "diskRpx": 98.32,
      "stddev": 88.798,
      "hfEnergy": 8.421,
      "hfEntropy": 3.06,
      "uniqueColors": 345,
      "meanLum": 82.4,
      "screenBox": {
        "x": 541,
        "y": 261,
        "w": 198,
        "h": 198,
        "cx": 640,
        "cy": 360,
        "r": 98.32
      },
      "imgSize": {
        "w": 1280,
        "h": 720
      }
    },
    "midFade": {
      "area": 27408,
      "windowPx": 39204,
      "excludedPx": 11796,
      "diskRpx": 98.32,
      "stddev": 89.785,
      "hfEnergy": 6.4502,
      "hfEntropy": 2.939,
      "uniqueColors": 381,
      "meanLum": 86.9,
      "screenBox": {
        "x": 541,
        "y": 261,
        "w": 198,
        "h": 198,
        "cx": 640,
        "cy": 360,
        "r": 98.32
      },
      "imgSize": {
        "w": 1280,
        "h": 720
      }
    },
    "midSettled": {
      "area": 27408,
      "windowPx": 39204,
      "excludedPx": 11796,
      "diskRpx": 98.32,
      "stddev": 89.824,
      "hfEnergy": 6.444,
      "hfEntropy": 2.942,
      "uniqueColors": 382,
      "meanLum": 87,
      "screenBox": {
        "x": 541,
        "y": 261,
        "w": 198,
        "h": 198,
        "cx": 640,
        "cy": 360,
        "r": 98.32
      },
      "imgSize": {
        "w": 1280,
        "h": 720
      }
    }
  },
  "tierC": {
    "area": 113,
    "windowPx": 182,
    "excludedPx": 69,
    "diskRpx": 6.31,
    "stddev": 54.921,
    "hfEnergy": 138.5629,
    "hfEntropy": 1.246,
    "uniqueColors": 7,
    "meanLum": 32.8,
    "screenBox": {
      "x": 553,
      "y": 43,
      "w": 14,
      "h": 13,
      "cx": 560.05,
      "cy": 49.4,
      "r": 6.31
    },
    "imgSize": {
      "w": 1280,
      "h": 720
    },
    "lod": {
      "stats": {
        "high": 0,
        "mid": 0,
        "low": 32,
        "override": "low",
        "fading": 0
      },
      "infoCount": 32
    }
  },
  "consoleErrors": {
    "on-earth": 0,
    "on-mars": 0,
    "on-jupiter": 0,
    "on-moon": 0,
    "off-earth": 0,
    "off-mars": 0,
    "off-jupiter": 0,
    "off-moon": 0
  }
}

=== 판정 (#759 — hfEntropy ON−OFF ≥ 0.15 + tier-c forceOverride=low) ===
  ✓ earth: hfEntropy 갭 2.458 ≥ 0.15
  ✓ mars: hfEntropy 갭 1.033 ≥ 0.15
  ✓ jupiter: hfEntropy 갭 1.206 ≥ 0.15
  ✓ moon: hfEntropy 갭 0.961 ≥ 0.15
  ✓ tier-c: override=low, high=0, mid=0 (표면 셰이더 구조적 미진입)
=== PASS ===
exit=0
