
=== #675 glow pixel marker 회귀 가드 ===
BASE_URL=http://localhost:3000

   [측정] mode=default 40 AU (실측 40.0 AU) → 식별 천체 14 (LOD 0/0/32, 836ms)
   [측정] mode=default 100 AU (실측 100.0 AU) → 식별 천체 15 (LOD 0/0/32, 837ms)
   [측정] mode=glow    40 AU (실측 40.0 AU) → 식별 천체 14 (LOD 0/0/32, 835ms)
   [측정] mode=glow    100 AU (실측 100.0 AU) → 식별 천체 15 (LOD 0/0/32, 832ms)
   [측정] mode=off     40 AU (실측 40.0 AU) → 식별 천체 3 (LOD 0/0/32, 835ms)
   [측정] mode=off     100 AU (실측 100.0 AU) → 식별 천체 1 (LOD 0/0/32, 833ms)

0) 측정 전제 — 캡처 시점 LOD 정착 (cross-fade 종료 + 분포 안정)

   PASS  LOD 정착 표본 6/6 (기대 6)

1) 식별 천체 카운트 (default glow ON − ?marker=off) ≥ 프리뷰 기준

   PASS  40 AU: +11 (glow 14 / off 3) — 기준 ≥ +10
   PASS  100 AU: +14 (glow 15 / off 1) — 기준 ≥ +11

2) ?marker=off 격리 — low variant 전수 scaling=1 (기존 동작 100%)

   PASS  40 AU: scaling≠1 low variant 0개
   PASS  100 AU: scaling≠1 low variant 0개

3) off-frustum 가드 — pxDiameter ≤ 0 body 의 marker 부재 (scaling=1)

   PASS  40 AU: off-frustum 0개 중 scaling≠1 0개
   PASS  100 AU: off-frustum 0개 중 scaling≠1 0개

4) 전수 발동 — 100 AU 화면 안 low body 전수 glow scaling > 1

   PASS  100 AU: 화면 안 low body 32개 중 미발동 0개

5) 하위 호환 — ?marker=glow 명시 = off 대비 증가분 동일 기준 충족

   PASS  40 AU: 명시 +11 (glow 14 / off 3) — 기준 ≥ +10
   PASS  100 AU: 명시 +14 (glow 15 / off 1) — 기준 ≥ +11

6) #677 tier-c LOD override race — 지연 감지에서도 override='low' 정착

   PASS  지연 tier-c 감지 후 override='low' (tier='c')

=== 최종 요약 ===
  overall: PASS
exit=0
