[H↔P1 등가] full frame chMax>1 0 · 차이 px 0
[건강 (기준)] NI_land: >1 1 · ≥3 0 · d2>1 0 · d2≥3 0 · comp(O) {"sizeHist":{"1":1},"maxSize":1,"nComponents":1,"nComponentsGe2":0} · comp(d2) {"sizeHist":{},"maxSize":0,"nComponents":0,"nComponentsGe2":0}
[건강 (기준)] disk: n 30768 · >1 1 · ≥3 0 · d2>1 271 · comp(O) maxSize 1 ge2 0 | full: n 921600 · >1 1 · ≥3 0 · comp(O) maxSize 1 ge2 0 · 영향 0 (disk 밖 0)
[전역 a — S×1.01] NI_land: >1 172 · ≥3 10 · d2>1 172 · d2≥3 0 · comp(O) {"sizeHist":{"1":18,"2":10,"3":3,"4":3,"5":2,"6":3,"7":1,"8":2,"9":1,"10":1,"14":2,"15":1},"maxSize":15,"nComponents":47,"nComponentsGe2":29} · comp(d2) {"sizeHist":{"1":17,"2":5,"3":1,"4":2,"5":3,"6":2,"7":2,"9":1,"11":2,"12":2,"17":1,"21":1},"maxSize":21,"nComponents":39,"nComponentsGe2":22}
[전역 a — S×1.01] disk: n 30768 · >1 209 · ≥3 11 · d2>1 477 · comp(O) maxSize 15 ge2 36 | full: n 921600 · >1 209 · ≥3 11 · comp(O) maxSize 15 ge2 36 · 영향 618 (disk 밖 6)
[전역 b — S×1.05] NI_land: >1 444 · ≥3 376 · d2>1 439 · d2≥3 373 · comp(O) {"sizeHist":{"1":9,"2":6,"3":5,"4":3,"5":2,"7":1,"8":3,"11":1,"12":1,"13":1,"14":4,"15":2,"17":1,"22":1,"25":1,"26":1,"27":1,"30":1,"42":1,"44":1},"maxSize":44,"nComponents":46,"nComponentsGe2":37} · comp(d2) {"sizeHist":{"1":11,"2":4,"3":6,"4":2,"5":2,"7":2,"8":2,"11":1,"12":1,"13":1,"14":3,"15":3,"16":1,"22":1,"24":1,"26":1,"27":1,"31":1,"40":1,"45":1},"maxSize":45,"nComponents":46,"nComponentsGe2":35}
[전역 b — S×1.05] disk: n 30768 · >1 613 · ≥3 500 · d2>1 866 · comp(O) maxSize 44 ge2 63 | full: n 921600 · >1 618 · ≥3 501 · comp(O) maxSize 44 ge2 63 · 영향 820 (disk 밖 10)
[전역 c — ALPHA_COMBINE] NI_land: >1 4104 · ≥3 4104 · d2>1 4104 · d2≥3 4104 · comp(O) {"sizeHist":{"1":5,"12":2,"16":1,"36":1,"80":1,"85":1,"3858":1},"maxSize":3858,"nComponents":12,"nComponentsGe2":7} · comp(d2) {"sizeHist":{"1":5,"12":2,"16":1,"36":1,"80":1,"85":1,"3858":1},"maxSize":3858,"nComponents":12,"nComponentsGe2":7}
[전역 c — ALPHA_COMBINE] disk: n 30768 · >1 30768 · ≥3 30768 · d2>1 30768 · comp(O) maxSize 30768 ge2 1 | full: n 921600 · >1 30950 · ≥3 30950 · comp(O) maxSize 30950 ge2 1 · 영향 30950 (disk 밖 182)
[국소 L2 — 주파수 ×(1+1e-4)] NI_land: >1 116 · ≥3 60 · d2>1 113 · d2≥3 57 · comp(O) {"sizeHist":{"1":44,"2":13,"3":5,"4":2,"7":2,"9":1},"maxSize":9,"nComponents":67,"nComponentsGe2":23} · comp(d2) {"sizeHist":{"1":41,"2":14,"3":5,"4":2,"6":2,"9":1},"maxSize":9,"nComponents":65,"nComponentsGe2":24}
[국소 L2 — 주파수 ×(1+1e-4)] disk: n 30768 · >1 156 · ≥3 72 · d2>1 417 · comp(O) maxSize 9 ge2 32 | full: n 921600 · >1 157 · ≥3 72 · comp(O) maxSize 9 ge2 32 · 영향 411 (disk 밖 2)
[국소 L2 — 주파수 ×(1+5e-4)] NI_land: >1 268 · ≥3 216 · d2>1 267 · d2≥3 220 · comp(O) {"sizeHist":{"1":69,"2":24,"3":12,"4":4,"5":9,"6":2,"10":1,"13":1,"19":1},"maxSize":19,"nComponents":123,"nComponentsGe2":54} · comp(d2) {"sizeHist":{"1":73,"2":22,"3":12,"4":4,"5":6,"6":2,"7":1,"8":1,"10":1,"13":1,"18":1},"maxSize":18,"nComponents":124,"nComponentsGe2":51}
[국소 L2 — 주파수 ×(1+5e-4)] disk: n 30768 · >1 397 · ≥3 310 · d2>1 661 · comp(O) maxSize 19 ge2 78 | full: n 921600 · >1 398 · ≥3 311 · comp(O) maxSize 19 ge2 78 · 영향 557 (disk 밖 5)
[국소 L2 — 주파수 ×(1+2e-3)] NI_land: >1 384 · ≥3 352 · d2>1 386 · d2≥3 355 · comp(O) {"sizeHist":{"1":48,"2":23,"3":16,"4":7,"5":5,"6":4,"7":2,"8":1,"10":4,"11":1,"13":2,"15":2,"36":1},"maxSize":36,"nComponents":116,"nComponentsGe2":68} · comp(d2) {"sizeHist":{"1":52,"2":22,"3":15,"4":6,"5":5,"6":5,"7":2,"8":1,"10":3,"11":2,"13":2,"15":2,"36":1},"maxSize":36,"nComponents":118,"nComponentsGe2":66}
[국소 L2 — 주파수 ×(1+2e-3)] disk: n 30768 · >1 575 · ≥3 510 · d2>1 839 · comp(O) maxSize 36 ge2 96 | full: n 921600 · >1 579 · ≥3 512 · comp(O) maxSize 36 ge2 97 · 영향 693 (disk 밖 7)
[NA 고장 — S×1.01] NI_land: d2>1 172 · d2≥3 0 · comp(d2) {"sizeHist":{"1":18,"2":6,"3":2,"4":2,"5":3,"6":2,"7":2,"9":1,"11":2,"12":2,"15":1,"17":1},"maxSize":17,"nComponents":42,"nComponentsGe2":24} · O↔P1 >1 1
[NA 고장 — S×1.1] NI_land: d2>1 510 · d2≥3 454 · comp(d2) {"sizeHist":{"1":8,"2":4,"3":5,"4":3,"5":3,"7":1,"8":2,"9":1,"11":1,"13":1,"15":2,"17":2,"18":1,"20":1,"23":1,"24":1,"30":1,"33":1,"35":1,"43":1,"50":1,"56":1},"maxSize":56,"nComponents":43,"nComponentsGe2":35} · O↔P1 >1 1
[NA 고장 — S×0.9] NI_land: d2>1 503 · d2≥3 454 · comp(d2) {"sizeHist":{"1":7,"2":5,"3":4,"4":4,"5":1,"7":1,"8":3,"11":1,"13":2,"15":1,"16":1,"17":1,"19":2,"24":2,"32":1,"33":1,"34":1,"44":1,"51":1,"57":1},"maxSize":57,"nComponents":41,"nComponentsGe2":34} · O↔P1 >1 1
[건강 3범위 상세] {"NI_land":{"n":4104,"over1OvsP1":1,"ge3OvsP1":0,"histOvsP1":{"0":3709,"1":394,"2":1},"over1D2":0,"ge3D2":0,"histD2":{"0":4087,"1":17},"maxAbsLum":0.005059,"meanContribO":0.038509,"meanContribP1":0.038502,"relErrPct":0.0184,"affected":0,"affOutsideDisk":0,"compOvsP1":{"sizeHist":{"1":1},"maxSize":1,"nComponents":1,"nComponentsGe2":0},"compD2":{"sizeHist":{},"maxSize":0,"nComponents":0,"nComponentsGe2":0}},"disk":{"n":30768,"over1OvsP1":1,"ge3OvsP1":0,"histOvsP1":{"0":30177,"1":590,"2":1},"over1D2":271,"ge3D2":271,"histD2":{"0":30461,"1":36,"3":137,"6":3,"7":131},"maxAbsLum":0.005059,"meanContribO":0.006752,"meanContribP1":0.006752,"relErrPct":0.0059,"affected":0,"affOutsideDisk":0,"compOvsP1":{"sizeHist":{"1":1},"maxSize":1,"nComponents":1,"nComponentsGe2":0},"compD2":{"sizeHist":{"1":154,"2":19,"3":5,"7":4,"9":4},"maxSize":9,"nComponents":186,"nComponentsGe2":32}},"full":{"n":921600,"over1OvsP1":1,"ge3OvsP1":0,"histOvsP1":{"0":921006,"1":593,"2":1},"over1D2":891103,"ge3D2":891103,"histD2":{"0":30461,"1":36,"3":137,"6":3,"7":200,"8":2,">8":890761},"maxAbsLum":0.005059,"meanContribO":0.000226,"meanContribP1":0.000226,"relErrPct":0.0069,"affected":0,"affOutsideDisk":0,"compOvsP1":{"sizeHist":{"1":1},"maxSize":1,"nComponents":1,"nComponentsGe2":0},"compD2":{"sizeHist":{"891103":1},"maxSize":891103,"nComponents":1,"nComponentsGe2":1}}}
[errors] {"P1":[],"P2":[]}
