[건강] DI n 7225 · DI 중앙 픽셀 [571,358]
[건강] NI_land >1 1 · disk >1 1 · full >1 1
[주입 실증 국소 L1 — 밝은 사각형 kill] {"state":{"patched":1,"scanned":81},"shader":{"hasSource":true,"lightsLine":["lights = nightLightStrength * nightFactor * lightGate * lightDensity;","if (craterDepth > 41.0 && gl_FragCoord.x >= 659.0 && gl_FragCoord.x <= 666.0 && gl_FragCoord.y >= 356.0 && gl_FragCoord.y <= 363.0) { lights = 0.0;"],"gateLine":["float lightGate = landMask * (1.0 - iceMask) * uMaskEnabled;","    // 분포 — 입력은 vLocalPos 파생 p 뿐이다 (painted-on · ?rotate=off 상속 · vWorldPos 금지 §A8.3)."],"craterDepthHost":0.4},"hostUnchangedFullPx":{"P2":0,"NA":0,"H":0},"controlFullPx":0,"rect":{"x0":659,"x1":665,"y0":357,"y1":363}}
[국소 L1 — 밝은 사각형 kill] NI_land: n 4104 · >1 17 · ≥3 15 · d2>1 16 · 영향 19 · comp(O) maxSize 16 ge2 1 · comp(d2) maxSize 16 ge2 1 · 상대오차 -1.2998%
[국소 L1 — 밝은 사각형 kill] NI_sea: n 3121 · >1 0 · ≥3 0 · d2>1 0 · 영향 0 · comp(O) maxSize 0 ge2 0 · comp(d2) maxSize 0 ge2 0 · 상대오차 null%
[국소 L1 — 밝은 사각형 kill] DI: n 7225 · >1 0 · ≥3 0 · d2>1 0 · 영향 0 · comp(O) maxSize 0 ge2 0 · comp(d2) maxSize 0 ge2 0 · 상대오차 null%
[국소 L1 — 밝은 사각형 kill] terminator: n 5166 · >1 0 · ≥3 0 · d2>1 0 · 영향 0 · comp(O) maxSize 0 ge2 0 · comp(d2) maxSize 0 ge2 0 · 상대오차 0.0035%
[국소 L1 — 밝은 사각형 kill] disk: n 30768 · >1 17 · ≥3 15 · d2>1 287 · 영향 19 · comp(O) maxSize 16 ge2 1 · comp(d2) maxSize 16 ge2 33 · 상대오차 -0.9967%
[국소 L1 — 밝은 사각형 kill] full: n 921600 · >1 17 · ≥3 15 · d2>1 891119 · 영향 19 · comp(O) maxSize 16 ge2 1 · comp(d2) maxSize 891103 ge2 2 · 상대오차 -0.9915%
[주입 실증 국소 L1′ — 어두운 사각형 kill] {"state":{"patched":1,"scanned":81},"shader":{"hasSource":true,"lightsLine":["lights = nightLightStrength * nightFactor * lightGate * lightDensity;","if (craterDepth > 41.0 && gl_FragCoord.x >= 698.0 && gl_FragCoord.x <= 705.0 && gl_FragCoord.y >= 334.0 && gl_FragCoord.y <= 341.0) { lights = 0.0;"],"gateLine":["float lightGate = landMask * (1.0 - iceMask) * uMaskEnabled;","    // 분포 — 입력은 vLocalPos 파생 p 뿐이다 (painted-on · ?rotate=off 상속 · vWorldPos 금지 §A8.3)."],"craterDepthHost":0.4},"hostUnchangedFullPx":{"P2":0,"NA":0,"H":0},"controlFullPx":0,"rect":{"x0":698,"x1":704,"y0":379,"y1":385}}
[국소 L1′ — 어두운 사각형 kill] NI_land: n 4104 · >1 12 · ≥3 10 · d2>1 11 · 영향 14 · comp(O) maxSize 6 ge2 2 · comp(d2) maxSize 6 ge2 2 · 상대오차 -0.2062%
[국소 L1′ — 어두운 사각형 kill] NI_sea: n 3121 · >1 0 · ≥3 0 · d2>1 0 · 영향 0 · comp(O) maxSize 0 ge2 0 · comp(d2) maxSize 0 ge2 0 · 상대오차 null%
[국소 L1′ — 어두운 사각형 kill] DI: n 7225 · >1 0 · ≥3 0 · d2>1 0 · 영향 0 · comp(O) maxSize 0 ge2 0 · comp(d2) maxSize 0 ge2 0 · 상대오차 null%
[국소 L1′ — 어두운 사각형 kill] terminator: n 5166 · >1 0 · ≥3 0 · d2>1 0 · 영향 0 · comp(O) maxSize 0 ge2 0 · comp(d2) maxSize 0 ge2 0 · 상대오차 0.0035%
[국소 L1′ — 어두운 사각형 kill] disk: n 30768 · >1 12 · ≥3 10 · d2>1 282 · 영향 14 · comp(O) maxSize 6 ge2 2 · comp(d2) maxSize 9 ge2 34 · 상대오차 -0.1649%
[국소 L1′ — 어두운 사각형 kill] full: n 921600 · >1 12 · ≥3 10 · d2>1 891114 · 영향 14 · comp(O) maxSize 6 ge2 2 · comp(d2) maxSize 891103 ge2 3 · 상대오차 -0.1632%
[주입 실증 누출 A — 주간 사각형 발광 (strength×0.02)] {"state":{"patched":1,"scanned":81},"shader":{"hasSource":true,"lightsLine":["lights = nightLightStrength * nightFactor * lightGate * lightDensity;","if (craterDepth > 41.0 && gl_FragCoord.x >= 561.0 && gl_FragCoord.x <= 582.0 && gl_FragCoord.y >= 351.0 && gl_FragCoord.y <= 372.0) { lights = nightLi"],"gateLine":["float lightGate = landMask * (1.0 - iceMask) * uMaskEnabled;","    // 분포 — 입력은 vLocalPos 파생 p 뿐이다 (painted-on · ?rotate=off 상속 · vWorldPos 금지 §A8.3)."],"craterDepthHost":0.4},"hostUnchangedFullPx":{"P2":0,"NA":0,"H":0},"controlFullPx":0,"rect":{"x0":561,"x1":581,"y0":348,"y1":368}}
[누출 A — 주간 사각형 발광 (strength×0.02)] NI_land: n 4104 · >1 1 · ≥3 0 · d2>1 0 · 영향 0 · comp(O) maxSize 1 ge2 0 · comp(d2) maxSize 0 ge2 0 · 상대오차 0.0184%
[누출 A — 주간 사각형 발광 (strength×0.02)] NI_sea: n 3121 · >1 0 · ≥3 0 · d2>1 0 · 영향 0 · comp(O) maxSize 0 ge2 0 · comp(d2) maxSize 0 ge2 0 · 상대오차 null%
[누출 A — 주간 사각형 발광 (strength×0.02)] DI: n 7225 · >1 438 · ≥3 438 · d2>1 438 · 영향 438 · comp(O) maxSize 438 ge2 1 · comp(d2) maxSize 438 ge2 1 · 상대오차 null%
[누출 A — 주간 사각형 발광 (strength×0.02)] terminator: n 5166 · >1 0 · ≥3 0 · d2>1 0 · 영향 0 · comp(O) maxSize 0 ge2 0 · comp(d2) maxSize 0 ge2 0 · 상대오차 0.0035%
[누출 A — 주간 사각형 발광 (strength×0.02)] disk: n 30768 · >1 442 · ≥3 441 · d2>1 712 · 영향 441 · comp(O) maxSize 441 ge2 1 · comp(d2) maxSize 441 ge2 33 · 상대오차 2.7571%
[누출 A — 주간 사각형 발광 (strength×0.02)] full: n 921600 · >1 442 · ≥3 441 · d2>1 891544 · 영향 441 · comp(O) maxSize 441 ge2 1 · comp(d2) maxSize 891103 ge2 2 · 상대오차 2.7467%
[주입 실증 누출 B — lightGate = 1.0] {"state":{"patched":1,"scanned":81},"shader":{"hasSource":true,"lightsLine":["lights = nightLightStrength * nightFactor * lightGate * lightDensity;","    // ── Amendment 8 (#1202) — 대기 산란 rim (§A8.2 결정 1 · §A8.13) ──────────"],"gateLine":["float lightGate = landMask * (1.0 - iceMask) * uMaskEnabled;","if (craterDepth > 41.0) { lightGate = 1.0;"],"craterDepthHost":0.4},"hostUnchangedFullPx":{"P2":0,"NA":0,"H":0},"controlFullPx":0,"rect":null}
[누출 B — lightGate = 1.0] NI_land: n 4104 · >1 41 · ≥3 35 · d2>1 39 · 영향 44 · comp(O) maxSize 10 ge2 9 · comp(d2) maxSize 10 ge2 9 · 상대오차 2.9014%
[누출 B — lightGate = 1.0] NI_sea: n 3121 · >1 281 · ≥3 277 · d2>1 281 · 영향 294 · comp(O) maxSize 47 ge2 24 · comp(d2) maxSize 47 ge2 24 · 상대오차 null%
[누출 B — lightGate = 1.0] DI: n 7225 · >1 0 · ≥3 0 · d2>1 0 · 영향 0 · comp(O) maxSize 0 ge2 0 · comp(d2) maxSize 0 ge2 0 · 상대오차 null%
[누출 B — lightGate = 1.0] terminator: n 5166 · >1 471 · ≥3 446 · d2>1 472 · 영향 515 · comp(O) maxSize 54 ge2 40 · comp(d2) maxSize 54 ge2 40 · 상대오차 623.4873%
[누출 B — lightGate = 1.0] disk: n 30768 · >1 1521 · ≥3 1462 · d2>1 1769 · 영향 1616 · comp(O) maxSize 102 ge2 144 · comp(d2) maxSize 102 ge2 169 · 상대오차 185.3585%
[누출 B — lightGate = 1.0] full: n 921600 · >1 1537 · ≥3 1477 · d2>1 892601 · 영향 1633 · comp(O) maxSize 102 ge2 149 · comp(d2) maxSize 891181 ge2 130 · 상대오차 185.3907%
[건강 6범위 상세] {"NI_land":{"n":4104,"over1OvsP1":1,"ge3OvsP1":0,"histOvsP1":{"0":3709,"1":394,"2":1},"over1D2":0,"ge3D2":0,"maxAbsLum":0.005059,"relErrPct":0.0184,"affected":0,"compOvsP1":{"sizeHist":{"1":1},"maxSize":1,"nComponents":1,"nComponentsGe2":0},"compD2":{"sizeHist":{},"maxSize":0,"nComponents":0,"nComponentsGe2":0}},"NI_sea":{"n":3121,"over1OvsP1":0,"ge3OvsP1":0,"histOvsP1":{"0":3121},"over1D2":0,"ge3D2":0,"maxAbsLum":0,"relErrPct":null,"affected":0,"compOvsP1":{"sizeHist":{},"maxSize":0,"nComponents":0,"nComponentsGe2":0},"compD2":{"sizeHist":{},"maxSize":0,"nComponents":0,"nComponentsGe2":0}},"DI":{"n":7225,"over1OvsP1":0,"ge3OvsP1":0,"histOvsP1":{"0":7225},"over1D2":0,"ge3D2":0,"maxAbsLum":0,"relErrPct":null,"affected":0,"compOvsP1":{"sizeHist":{},"maxSize":0,"nComponents":0,"nComponentsGe2":0},"compD2":{"sizeHist":{},"maxSize":0,"nComponents":0,"nComponentsGe2":0}},"terminator":{"n":5166,"over1OvsP1":0,"ge3OvsP1":0,"histOvsP1":{"0":5067,"1":99},"over1D2":0,"ge3D2":0,"maxAbsLum":0.003638,"relErrPct":0.0035,"affected":0,"compOvsP1":{"sizeHist":{},"maxSize":0,"nComponents":0,"nComponentsGe2":0},"compD2":{"sizeHist":{},"maxSize":0,"nComponents":0,"nComponentsGe2":0}},"disk":{"n":30768,"over1OvsP1":1,"ge3OvsP1":0,"histOvsP1":{"0":30177,"1":590,"2":1},"over1D2":271,"ge3D2":271,"maxAbsLum":0.005059,"relErrPct":0.0059,"affected":0,"compOvsP1":{"sizeHist":{"1":1},"maxSize":1,"nComponents":1,"nComponentsGe2":0},"compD2":{"sizeHist":{"1":154,"2":19,"3":5,"7":4,"9":4},"maxSize":9,"nComponents":186,"nComponentsGe2":32}},"full":{"n":921600,"over1OvsP1":1,"ge3OvsP1":0,"histOvsP1":{"0":921006,"1":593,"2":1},"over1D2":891103,"ge3D2":891103,"maxAbsLum":0.005059,"relErrPct":0.0069,"affected":0,"compOvsP1":{"sizeHist":{"1":1},"maxSize":1,"nComponents":1,"nComponentsGe2":0},"compD2":{"sizeHist":{"891103":1},"maxSize":891103,"nComponents":1,"nComponentsGe2":1}}}
[errors] {"P1":[],"P2":[]} / patched {"국소 L1 — 밝은 사각형 kill":[],"국소 L1′ — 어두운 사각형 kill":[],"누출 A — 주간 사각형 발광 (strength×0.02)":[],"누출 B — lightGate = 1.0":[]}
