[browser] headless chromium + --use-angle=swiftshader (CI 재현 — #759)

=== #1202 대기 산란 rim — 진단 ===
INJECT=none  MODE=dod

--- 페이지 A — 구름 ON (G1~G4) ---
위상각 alpha        : 90deg   disk 반경: 98.32px   rim 밴드 반치폭: 6px (peak 0.07628)
┌───────────┬──────┬─────────┬──────────┬─────────┬─────────┬─────────┬──────────────┐
│ (index)   │ n    │ rim     │ headroom │ satOn   │ satOff  │ lumOff  │ saturatedPct │
├───────────┼──────┼─────────┼──────────┼─────────┼─────────┼─────────┼──────────────┤
│ 낮면 림   │ 867  │ 0.07135 │ 0.26615  │ 0.38208 │ 0.4534  │ 0.73385 │ 14.76        │
│ 밤면 림   │ 867  │ 0.00025 │ 0.90003  │ 0.047   │ 0.04668 │ 0.09997 │ 0            │
│ 박명 림   │ 97   │ 0.04684 │ 0.84211  │ 0.06367 │ 0.0076  │ 0.15789 │ 0            │
│ 낮면 내부 │ 7225 │ 0.00265 │ 0.19926  │ 0.49586 │ 0.49789 │ 0.80074 │ 0            │
└───────────┴──────┴─────────┴──────────┴─────────┴─────────┴─────────┴──────────────┘
낮면 호 분할 (진단, 게이트 아님): [{"bin":0,"n":289,"rim":0.06587},{"bin":1,"n":288,"rim":0.05328},{"bin":2,"n":290,"rim":0.09475}]
낮면 반경 프로파일 [px, rim]: [[20,0],[24,0],[28,0],[32,0],[36,0.00005],[40,0.00014],[44,0.00027],[48,0.00048],[52,0.0008],[56,0.00128],[60,0.00223],[64,0.00331],[68,0.00466],[72,0.00592],[76,0.00569],[80,0.00687],[84,0.00877],[88,0.01663],[92,0.03751],[96,0.06308]]
림 ndl 프로파일 [ndl_lo, n, rim]: [[-1,73,0],[-0.95,139,0],[-0.9,81,0],[-0.85,66,0],[-0.8,56,0],[-0.75,46,0],[-0.7,44,0],[-0.65,41,0],[-0.6,42,0],[-0.55,39,0],[-0.5,38,0],[-0.45,35,0],[-0.4,35,0],[-0.35,34,0],[-0.3,33,0],[-0.25,33,0.00046],[-0.2,32,0.0064],[-0.15,34,0.02071],[-0.1,32,0.04247],[-0.05,31,0.08],[0,31,0.10134],[0.05,32,0.00037],[0.1,34,0],[0.15,32,0],[0.2,33,0],[0.25,33,0.00109],[0.3,34,0.01583],[0.35,35,0.03374],[0.4,35,0.06565],[0.45,38,0.08343],[0.5,39,0.09709],[0.55,42,0.12258],[0.6,41,0.12937],[0.65,44,0.12011],[0.7,46,0.11679],[0.75,56,0.11836],[0.8,66,0.10654],[0.85,81,0.07723],[0.9,139,0.04644],[0.95,73,0.04615]]

--- 페이지 B — 구름 OFF ?clouds=off (G6) ---
위상각 alpha        : 90deg   disk 반경: 98.32px   rim 밴드 반치폭: 7px (peak 0.08126)
┌───────────┬──────┬─────────┬──────────┬─────────┬─────────┬─────────┬──────────────┐
│ (index)   │ n    │ rim     │ headroom │ satOn   │ satOff  │ lumOff  │ saturatedPct │
├───────────┼──────┼─────────┼──────────┼─────────┼─────────┼─────────┼──────────────┤
│ 낮면 림   │ 867  │ 0.07499 │ 0.28218  │ 0.40057 │ 0.47536 │ 0.71782 │ 14.76        │
│ 밤면 림   │ 867  │ 0.00061 │ 0.92588  │ 0.06234 │ 0.06159 │ 0.07412 │ 0            │
│ 박명 림   │ 97   │ 0.06086 │ 0.84579  │ 0.08328 │ 0.00995 │ 0.15421 │ 0            │
│ 낮면 내부 │ 7225 │ 0.00358 │ 0.23439  │ 0.61031 │ 0.61328 │ 0.76561 │ 0            │
└───────────┴──────┴─────────┴──────────┴─────────┴─────────┴─────────┴──────────────┘
낮면 호 분할 (진단, 게이트 아님): [{"bin":0,"n":289,"rim":0.07635},{"bin":1,"n":288,"rim":0.0536},{"bin":2,"n":290,"rim":0.09488}]
낮면 반경 프로파일 [px, rim]: [[20,0],[24,0],[28,0.00001],[32,0.00001],[36,0.00006],[40,0.00018],[44,0.00028],[48,0.00048],[52,0.00083],[56,0.00142],[60,0.00228],[64,0.00365],[68,0.00539],[72,0.00765],[76,0.0103],[80,0.01402],[84,0.01708],[88,0.02441],[92,0.0431],[96,0.06565]]
림 ndl 프로파일 [ndl_lo, n, rim]: [[-1,73,0],[-0.95,139,0],[-0.9,81,0],[-0.85,66,0],[-0.8,56,0],[-0.75,46,0],[-0.7,44,0],[-0.65,41,0],[-0.6,42,0],[-0.55,39,0],[-0.5,38,0],[-0.45,35,0],[-0.4,35,0],[-0.35,34,0],[-0.3,33,0],[-0.25,33,0.00222],[-0.2,32,0.01423],[-0.15,34,0.03479],[-0.1,32,0.06128],[-0.05,31,0.08901],[0,31,0.11112],[0.05,32,0.0004],[0.1,34,0],[0.15,32,0],[0.2,33,0],[0.25,33,0.00109],[0.3,34,0.01583],[0.35,35,0.03441],[0.4,35,0.08185],[0.45,38,0.11632],[0.5,39,0.12011],[0.55,42,0.12808],[0.6,41,0.1302],[0.65,44,0.12011],[0.7,46,0.11794],[0.75,56,0.11841],[0.8,66,0.1066],[0.85,81,0.07771],[0.9,139,0.04685],[0.95,73,0.04615]]

G6 진단 (게이트 아님) — 구름 ON 박명 호 rim 기여 0.04684 (N=97) · 구름 OFF 0.06086 (N=97)
consoleErrors: 0 (구름 ON 0 · 구름 OFF 0)
[측정 불가 판정] 발화 0 — 유효성 전제 전건 충족 (두 쌍 각 4항 + ON 페이지 구름 존재 · OFF 페이지 구름 부재)

=== 게이트 ===
  PASS  G1 낮면 림 − 밤면 림 = 0.07110  (>= 0.025)
  PASS  G2 낮면 림 rim 기여 = 0.07135  (>= 0.025)
  PASS  G3 낮면 림 − 낮면 내부 = 0.06870  (>= 0.025)
  PASS  G4 낮면 림 채도 감소량 = 0.07132  (<= 0.24)
  PASS  G6 박명 호 rim 기여 (구름 OFF 페이지) = 0.06086  (>= 0.02)
  PASS  G7 런타임 콘솔 에러 수 (두 페이지 합) = 0  (== 0)

[PASS] 게이트 6종 전건 충족
