[browser] headless chromium + --use-angle=swiftshader (CI 재현 — #759)

=== DoD 1 — 4 body 표면 디테일 (surface ON, 기본) ===
  earth    [rocky] hfEnergy=8.3673 hfEntropy=3.059 stddev=88.655 uniqColors=359 area=27408/39204 (제외 11796) box=198x198 err=0
  mars     [desert] hfEnergy=2.004 hfEntropy=1.534 stddev=91.262 uniqColors=42 area=27408/39204 (제외 11796) box=198x198 err=0
  jupiter  [gas-bands] hfEnergy=3.7691 hfEntropy=1.896 stddev=100.348 uniqColors=51 area=27408/39204 (제외 11796) box=198x198 err=0
  moon     [cratered] hfEnergy=36.153 hfEntropy=2.711 stddev=99.749 uniqColors=34 area=1700/2500 (제외 800) box=50x50 err=0

=== DoD 5 — ?surface=off 단색 복귀 대조 ===
  earth    [rocky] hfEnergy=0.6342 hfEntropy=0.603 stddev=38.288 uniqColors=46 area=27408/39204 (제외 11796) box=198x198 err=0
  mars     [desert] hfEnergy=0.5648 hfEntropy=0.502 stddev=56.882 uniqColors=40 area=27408/39204 (제외 11796) box=198x198 err=0
  jupiter  [gas-bands] hfEnergy=0.7438 hfEntropy=0.694 stddev=67.068 uniqColors=50 area=27408/39204 (제외 11796) box=198x198 err=0
  moon     [cratered] hfEnergy=3.091 hfEntropy=1.755 stddev=61.281 uniqColors=43 area=1700/2500 (제외 800) box=50x50 err=0

=== DoD 2 — 무회귀 (미등록 body 단색, surface ON) ===
  venus    hfEnergy=0.7798 hfEntropy=0.772 stddev=90.296 uniqColors=50 area=27408/39204 (제외 11796) box=198x198 err=0
  saturn   hfEnergy=0.7973 hfEntropy=0.719 stddev=67.556 uniqColors=47 area=27408/39204 (제외 11796) box=198x198 err=0
  neptune  hfEnergy=0.7333 hfEntropy=0.745 stddev=74.51 uniqColors=44 area=27412/39204 (제외 11792) box=198x198 err=0

=== DoD 3 — LOD mid 전환 표면 연속성 (reviewer 권고 1: cross-fade 팝핑) ===
  earth high   : hfEnergy=8.4201 hfEntropy=3.059 area=27408
  earth midFade: hfEnergy=6.4499 hfEntropy=2.938 area=27408
  earth midSet : hfEnergy=6.4435 hfEntropy=2.943 area=27408

=== DoD 4 — tier-c (?gpu=c) 단색 ===
  earth tier-c : hfEnergy=145.1302 hfEntropy=1.319 area=111 lodStats={"high":0,"mid":0,"low":32,"override":"low","fading":0}

=== JSON ===
{
  "surfaceOn": {
    "earth": {
      "type": "rocky",
      "area": 27408,
      "windowPx": 39204,
      "excludedPx": 11796,
      "diskRpx": 98.32,
      "stddev": 88.655,
      "hfEnergy": 8.3673,
      "hfEntropy": 3.059,
      "uniqueColors": 359,
      "meanLum": 82.2,
      "screenBox": {
        "x": 541,
        "y": 261,
        "w": 198,
        "h": 198,
        "cx": 640,
        "cy": 360,
        "r": 98.32
      },
      "imgSize": {
        "w": 1280,
        "h": 720
      }
    },
    "mars": {
      "type": "desert",
      "area": 27408,
      "windowPx": 39204,
      "excludedPx": 11796,
      "diskRpx": 98.32,
      "stddev": 91.262,
      "hfEnergy": 2.004,
      "hfEntropy": 1.534,
      "uniqueColors": 42,
      "meanLum": 107.7,
      "screenBox": {
        "x": 541,
        "y": 261,
        "w": 198,
        "h": 198,
        "cx": 640,
        "cy": 360,
        "r": 98.32
      },
      "imgSize": {
        "w": 1280,
        "h": 720
      }
    },
    "jupiter": {
      "type": "gas-bands",
      "area": 27408,
      "windowPx": 39204,
      "excludedPx": 11796,
      "diskRpx": 98.32,
      "stddev": 100.348,
      "hfEnergy": 3.7691,
      "hfEntropy": 1.896,
      "uniqueColors": 51,
      "meanLum": 111.4,
      "screenBox": {
        "x": 541,
        "y": 261,
        "w": 198,
        "h": 198,
        "cx": 640,
        "cy": 360,
        "r": 98.32
      },
      "imgSize": {
        "w": 1280,
        "h": 720
      }
    },
    "moon": {
      "type": "cratered",
      "area": 1700,
      "windowPx": 2500,
      "excludedPx": 800,
      "diskRpx": 24.58,
      "stddev": 99.749,
      "hfEnergy": 36.153,
      "hfEntropy": 2.711,
      "uniqueColors": 34,
      "meanLum": 102.7,
      "screenBox": {
        "x": 615,
        "y": 335,
        "w": 50,
        "h": 50,
        "cx": 640,
        "cy": 360,
        "r": 24.58
      },
      "imgSize": {
        "w": 1280,
        "h": 720
      }
    }
  },
  "surfaceOff": {
    "earth": {
      "type": "rocky",
      "area": 27408,
      "windowPx": 39204,
      "excludedPx": 11796,
      "diskRpx": 98.32,
      "stddev": 38.288,
      "hfEnergy": 0.6342,
      "hfEntropy": 0.603,
      "uniqueColors": 46,
      "meanLum": 43.8,
      "screenBox": {
        "x": 541,
        "y": 261,
        "w": 198,
        "h": 198,
        "cx": 640,
        "cy": 360,
        "r": 98.32
      },
      "imgSize": {
        "w": 1280,
        "h": 720
      }
    },
    "mars": {
      "type": "desert",
      "area": 27408,
      "windowPx": 39204,
      "excludedPx": 11796,
      "diskRpx": 98.32,
      "stddev": 56.882,
      "hfEnergy": 0.5648,
      "hfEntropy": 0.502,
      "uniqueColors": 40,
      "meanLum": 63.8,
      "screenBox": {
        "x": 541,
        "y": 261,
        "w": 198,
        "h": 198,
        "cx": 640,
        "cy": 360,
        "r": 98.32
      },
      "imgSize": {
        "w": 1280,
        "h": 720
      }
    },
    "jupiter": {
      "type": "gas-bands",
      "area": 27408,
      "windowPx": 39204,
      "excludedPx": 11796,
      "diskRpx": 98.32,
      "stddev": 67.068,
      "hfEnergy": 0.7438,
      "hfEntropy": 0.694,
      "uniqueColors": 50,
      "meanLum": 77.3,
      "screenBox": {
        "x": 541,
        "y": 261,
        "w": 198,
        "h": 198,
        "cx": 640,
        "cy": 360,
        "r": 98.32
      },
      "imgSize": {
        "w": 1280,
        "h": 720
      }
    },
    "moon": {
      "type": "cratered",
      "area": 1700,
      "windowPx": 2500,
      "excludedPx": 800,
      "diskRpx": 24.58,
      "stddev": 61.281,
      "hfEnergy": 3.091,
      "hfEntropy": 1.755,
      "uniqueColors": 43,
      "meanLum": 68.7,
      "screenBox": {
        "x": 615,
        "y": 335,
        "w": 50,
        "h": 50,
        "cx": 640,
        "cy": 360,
        "r": 24.58
      },
      "imgSize": {
        "w": 1280,
        "h": 720
      }
    }
  },
  "plain": {
    "venus": {
      "area": 27408,
      "windowPx": 39204,
      "excludedPx": 11796,
      "diskRpx": 98.32,
      "stddev": 90.296,
      "hfEnergy": 0.7798,
      "hfEntropy": 0.772,
      "uniqueColors": 50,
      "meanLum": 121.9,
      "screenBox": {
        "x": 541,
        "y": 261,
        "w": 198,
        "h": 198,
        "cx": 640,
        "cy": 360,
        "r": 98.32
      },
      "imgSize": {
        "w": 1280,
        "h": 720
      }
    },
    "saturn": {
      "area": 27408,
      "windowPx": 39204,
      "excludedPx": 11796,
      "diskRpx": 98.32,
      "stddev": 67.556,
      "hfEnergy": 0.7973,
      "hfEntropy": 0.719,
      "uniqueColors": 47,
      "meanLum": 82.7,
      "screenBox": {
        "x": 541,
        "y": 261,
        "w": 198,
        "h": 198,
        "cx": 640,
        "cy": 360,
        "r": 98.32
      },
      "imgSize": {
        "w": 1280,
        "h": 720
      }
    },
    "neptune": {
      "area": 27412,
      "windowPx": 39204,
      "excludedPx": 11792,
      "diskRpx": 98.32,
      "stddev": 74.51,
      "hfEnergy": 0.7333,
      "hfEntropy": 0.745,
      "uniqueColors": 44,
      "meanLum": 90.7,
      "screenBox": {
        "x": 541,
        "y": 261,
        "w": 198,
        "h": 198,
        "cx": 640,
        "cy": 360,
        "r": 98.32
      },
      "imgSize": {
        "w": 1280,
        "h": 720
      }
    }
  },
  "lodMid": {
    "high": {
      "area": 27408,
      "windowPx": 39204,
      "excludedPx": 11796,
      "diskRpx": 98.32,
      "stddev": 88.797,
      "hfEnergy": 8.4201,
      "hfEntropy": 3.059,
      "uniqueColors": 349,
      "meanLum": 82.4,
      "screenBox": {
        "x": 541,
        "y": 261,
        "w": 198,
        "h": 198,
        "cx": 640,
        "cy": 360,
        "r": 98.32
      },
      "imgSize": {
        "w": 1280,
        "h": 720
      }
    },
    "midFade": {
      "area": 27408,
      "windowPx": 39204,
      "excludedPx": 11796,
      "diskRpx": 98.32,
      "stddev": 89.786,
      "hfEnergy": 6.4499,
      "hfEntropy": 2.938,
      "uniqueColors": 381,
      "meanLum": 86.9,
      "screenBox": {
        "x": 541,
        "y": 261,
        "w": 198,
        "h": 198,
        "cx": 640,
        "cy": 360,
        "r": 98.32
      },
      "imgSize": {
        "w": 1280,
        "h": 720
      }
    },
    "midSettled": {
      "area": 27408,
      "windowPx": 39204,
      "excludedPx": 11796,
      "diskRpx": 98.32,
      "stddev": 89.826,
      "hfEnergy": 6.4435,
      "hfEntropy": 2.943,
      "uniqueColors": 379,
      "meanLum": 87,
      "screenBox": {
        "x": 541,
        "y": 261,
        "w": 198,
        "h": 198,
        "cx": 640,
        "cy": 360,
        "r": 98.32
      },
      "imgSize": {
        "w": 1280,
        "h": 720
      }
    }
  },
  "tierC": {
    "area": 111,
    "windowPx": 182,
    "excludedPx": 71,
    "diskRpx": 6.31,
    "stddev": 58.243,
    "hfEnergy": 145.1302,
    "hfEntropy": 1.319,
    "uniqueColors": 6,
    "meanLum": 34.6,
    "screenBox": {
      "x": 553,
      "y": 43,
      "w": 14,
      "h": 13,
      "cx": 560.14,
      "cy": 49.37,
      "r": 6.31
    },
    "imgSize": {
      "w": 1280,
      "h": 720
    },
    "lod": {
      "stats": {
        "high": 0,
        "mid": 0,
        "low": 32,
        "override": "low",
        "fading": 0
      },
      "infoCount": 32
    }
  },
  "consoleErrors": {
    "on-earth": 0,
    "on-mars": 0,
    "on-jupiter": 0,
    "on-moon": 0,
    "off-earth": 0,
    "off-mars": 0,
    "off-jupiter": 0,
    "off-moon": 0
  }
}

=== 판정 (#759 — hfEntropy ON−OFF ≥ 0.15 + tier-c forceOverride=low) ===
  ✓ earth: hfEntropy 갭 2.456 ≥ 0.15
  ✓ mars: hfEntropy 갭 1.032 ≥ 0.15
  ✓ jupiter: hfEntropy 갭 1.202 ≥ 0.15
  ✓ moon: hfEntropy 갭 0.956 ≥ 0.15
  ✓ tier-c: override=low, high=0, mid=0 (표면 셰이더 구조적 미진입)
=== PASS ===
