=== #1226 qa 브라우저 3단계 (PR #1231) ===
BASE_URL http://localhost:3000 · OUT /Users/seo/project/space/docs/reports/1226-night-lights/qa/browser3

--- [1/3] 정적 ---
  desktop: canvas 1 · render 1280×720 · webgpu true · earth true · 콘솔에러 0 · 1-static-desktop.png (95757 B)
  mobile: canvas 1 · render 780×1688 · webgpu true · scrollW 390 / clientW 390 · 콘솔에러 0 · 1-static-mobile.png (194076 B)

--- [2/3] 인터랙션 ---
  토글: ON strengths [null,0.9,0.9,0.9,0.9,0.9,0.9] · OFF [null,0,0,0,0,0,0]
  픽셀 차이 (ON ↔ OFF, 같은 결정적 프레임): changed 1002 / 921600 px · 최대 채널차 198
  콘솔에러 ON 0 · OFF 0
  줌: radius 35 → 374.1313891876575 (줌인 false) · 드래그 회전 alpha -1.5707963267948966 → -2.51727696853673 (true) · 콘솔에러 0

--- [3/3] 흐름 ---
  default          lights [null,0.9,0.9,0.9,0.9,0.9,0.9] (기대 0.9) · cloud mesh [true] (기대 true) · rotationQuaternion true (기대 true) · 콘솔에러 0
  nightlights-off  lights [null,0,0,0,0,0,0] (기대 0) · cloud mesh [true] (기대 true) · rotationQuaternion true (기대 true) · 콘솔에러 0
  clouds-off       lights [null,0.9,0.9,0.9,0.9,0.9,0.9] (기대 0.9) · cloud mesh [] (기대 false) · rotationQuaternion true (기대 true) · 콘솔에러 0
  rotate-off       lights [null,0.9,0.9,0.9,0.9,0.9,0.9] (기대 0.9) · cloud mesh [true] (기대 true) · rotationQuaternion false (기대 false) · 콘솔에러 0
  all-off          lights [null,0,0,0,0,0,0] (기대 0) · cloud mesh [] (기대 false) · rotationQuaternion false (기대 false) · 콘솔에러 0
  surface-off      lights [] (기대 null) · cloud mesh [] (기대 true) · rotationQuaternion true (기대 true) · 콘솔에러 0
  bogus-value      lights [null,0.9,0.9,0.9,0.9,0.9,0.9] (기대 0.9) · cloud mesh [true] (기대 true) · rotationQuaternion true (기대 true) · 콘솔에러 0 · warn ["[parse-night-lights-mode] 알 수 없는 ?nightlights=banana — ON (기본) 으로 폴백"]
  네비게이션: 초기 [null,0.9,0.9,0.9,0.9,0.9,0.9] → goto(off) [null,0,0,0,0,0,0] → back [null,0.9,0.9,0.9,0.9,0.9,0.9] → forward [null,0,0,0,0,0,0]
  back URL http://localhost:3000/?gpu=a&focus=earth&lod=auto&rotate=off&orbits=off
  forward URL http://localhost:3000/?gpu=a&focus=earth&lod=auto&rotate=off&orbits=off&nightlights=off
  네비게이션 콘솔에러 0

전 페이지 콘솔 에러 합 0 · hasSimErrors false
exit=0
